===== 2026-09-27  9:30:00.62 
node:fs:441
    return binding.readFileUtf8(path, stringToFlags(options.flag));
                   ^

Error: ENOENT: no such file or directory, open 'C:\Users\az518\AppData\Local\rookery-dot\rookery-main-keys.json'
    at readFileSync (node:fs:441:20)
    at <anonymous> (C:\Users\az518\Desktop\ai-workforce\engine\tools\rookery_env.mts:11:22)
    at ModuleJob.run (node:internal/modules/esm/module_job:439:25)
    at async node:internal/modules/esm/loader:643:26
    at async asyncRunEntryPointWithESMLoader (node:internal/modules/run_main:101:5) {
  errno: -4058,
  code: 'ENOENT',
  syscall: 'open',
  path: 'C:\\Users\\az518\\AppData\\Local\\rookery-dot\\rookery-main-keys.json'
}

Node.js v24.18.0
npm notice
npm notice New major version of npm available! 11.16.0 -> 12.1.0
npm notice Changelog: https://github.com/npm/cli/releases/tag/v12.1.0
npm notice To update run: npm install -g npm@12.1.0
npm notice
node:fs:441
    return binding.readFileUtf8(path, stringToFlags(options.flag));
                   ^

Error: ENOENT: no such file or directory, open 'C:\Users\az518\AppData\Local\rookery-dot\rookery-main-keys.json'
    at readFileSync (node:fs:441:20)
    at <anonymous> (C:\Users\az518\Desktop\ai-workforce\engine\tools\rookery_env.mts:11:22)
    at ModuleJob.run (node:internal/modules/esm/module_job:439:25)
    at async node:internal/modules/esm/loader:643:26
    at async asyncRunEntryPointWithESMLoader (node:internal/modules/run_main:101:5) {
  errno: -4058,
  code: 'ENOENT',
  syscall: 'open',
  path: 'C:\\Users\\az518\\AppData\\Local\\rookery-dot\\rookery-main-keys.json'
}

Node.js v24.18.0
node:fs:441
    return binding.readFileUtf8(path, stringToFlags(options.flag));
                   ^

Error: ENOENT: no such file or directory, open 'C:\Users\az518\AppData\Local\rookery-dot\rookery-main-keys.json'
    at readFileSync (node:fs:441:20)
    at <anonymous> (C:\Users\az518\Desktop\ai-workforce\engine\tools\rookery_env.mts:11:22)
    at ModuleJob.run (node:internal/modules/esm/module_job:439:25)
    at async node:internal/modules/esm/loader:643:26
    at async asyncRunEntryPointWithESMLoader (node:internal/modules/run_main:101:5) {
  errno: -4058,
  code: 'ENOENT',
  syscall: 'open',
  path: 'C:\\Users\\az518\\AppData\\Local\\rookery-dot\\rookery-main-keys.json'
}

Node.js v24.18.0
